---
source: reflect-demo/src/main.rs
expression: "TestStructOneBasicFieldStringReflectBothEqually::reflect_output()"
---
{
  "name": "",
  "types": [
    {
      "name": "reflect_demo::test::TestStructOneBasicFieldStringReflectBothEqually",
      "fields": [
        {
          "name": "_f",
          "type": {
            "name": "u32"
          }
        }
      ]
    },
    {
      "name": "u32"
    }
  ]
}
