---
source: reflect-demo/src/test.rs
expression: "TestStructWithTransformArray::reflect_output()"
---
{
  "name": "",
  "types": [
    {
      "kind": "struct",
      "name": "reflect_demo::test::TestStructWithTransformArray",
      "fields": [
        {
          "name": "_f",
          "type": {
            "name": "std::vec::Vec",
            "parameters": [
              {
                "name": "u8"
              }
            ]
          }
        }
      ]
    },
    {
      "kind": "primitive",
      "name": "std::array::Array",
      "description": "Fixed-size Array",
      "parameters": [
        {
          "name": "T"
        },
        {
          "name": "N"
        }
      ],
      "fallback": {
        "name": "std::vec::Vec",
        "parameters": [
          {
            "name": "T"
          }
        ]
      }
    },
    {
      "kind": "primitive",
      "name": "std::vec::Vec",
      "description": "Expandable array type",
      "parameters": [
        {
          "name": "T"
        }
      ]
    },
    {
      "kind": "primitive",
      "name": "u8",
      "description": "8-bit unsigned integer"
    }
  ]
}
