---
source: reflect-demo/src/main.rs
expression: "TestStructWithNestedExternal::reflect_output()"
---
Schema {
    name: "",
    types: [
        Type {
            name: "TestStructWithNestedExternal",
            fields: [
                Field {
                    name: "_f",
                    type_ref: TypeRef {
                        name: "crate::test_lib::TestStructNested",
                    },
                    _debug: "",
                },
            ],
            _debug: "reflect_demo::test",
        },
        Type {
            name: "TestStructNested",
            fields: [
                Field {
                    name: "_f",
                    type_ref: TypeRef {
                        name: "String",
                    },
                    _debug: "",
                },
            ],
            _debug: "reflect_demo::test_lib",
        },
    ],
    _debug: "",
}
