---
source: reflectapi-demo/src/tests/enums.rs
expression: "super::into_input_schema::<TestEnumEmpty>().input_types"
---
{
  "types": [
    {
      "kind": "struct",
      "id": {
        "kind": "Struct",
        "path": [
          "reflectapi::Empty"
        ],
        "disambiguator": 0
      },
      "name": "reflectapi::Empty",
      "description": "Struct object with no fields",
      "fields": "none"
    },
    {
      "kind": "enum",
      "id": {
        "kind": "Enum",
        "path": [
          "TestEnumEmpty"
        ],
        "disambiguator": 0
      },
      "name": "reflectapi_demo::tests::enums::TestEnumEmpty"
    }
  ]
}
