---
source: reflectapi-demo/src/tests/basic.rs
expression: "super::into_schema::<TestStructWithAttributesInputOnly>()"
---
{
  "name": "",
  "functions": [
    {
      "name": "",
      "path": "",
      "input_type": {
        "name": "reflectapi_demo::tests::basic::TestStructWithAttributesInputOnly"
      },
      "output_type": {
        "name": "reflectapi_demo::tests::basic::TestStructWithAttributesInputOnly"
      },
      "serialization": [
        "json"
      ]
    }
  ],
  "input_types": {
    "types": [
      {
        "kind": "struct",
        "name": "reflectapi::Empty",
        "description": "Struct object with no fields"
      },
      {
        "kind": "struct",
        "name": "reflectapi_demo::tests::basic::TestStructWithAttributesInputOnly",
        "fields": [
          {
            "name": "0",
            "type": {
              "name": "std::string::String"
            }
          }
        ],
        "transparent": true
      },
      {
        "kind": "primitive",
        "name": "std::string::String",
        "description": "UTF-8 encoded string"
      }
    ]
  },
  "output_types": {
    "types": [
      {
        "kind": "struct",
        "name": "reflectapi::Infallible",
        "description": "Error object which is expected to be never returned"
      },
      {
        "kind": "struct",
        "name": "reflectapi_demo::tests::basic::TestStructWithAttributesInputOnly",
        "fields": [
          {
            "name": "_f",
            "type": {
              "name": "std::string::String"
            },
            "required": true
          }
        ]
      },
      {
        "kind": "primitive",
        "name": "std::string::String",
        "description": "UTF-8 encoded string"
      }
    ]
  }
}
