---
source: reflectapi-demo/src/tests/serde.rs
expression: "super::into_typescript_code::<TestEnumWithVariantSkipSerialize>()"
---

