---
source: reflectapi-demo/src/tests/serde.rs
expression: "super::into_typescript_code::<TestEmptyVariantsAdjacentlyTagged>()"
---
// DO NOT MODIFY THIS FILE MANUALLY
// This file was generated by reflectapi-cli
//
// Schema name:
//

export function client(base: string | Client): __definition.Interface {
  return __implementation.__client(base);
}

export namespace __definition {
  export interface Interface {
    inout_test: (
      input: reflectapi_demo.tests.serde.TestEmptyVariantsAdjacentlyTagged,
      headers: {},
    ) => AsyncResult<
      __definition.ApiResult<reflectapi_demo.tests.serde.TestEmptyVariantsAdjacentlyTagged>,
      {}
    >;
  }
}
export namespace reflectapi {
  /**
   * Struct object with no fields
   */
  export interface Empty {}

  /**
   * Error object which is expected to be never returned
   */
  export interface Infallible {}
}

export namespace reflectapi_demo {
  export namespace tests {
    export namespace serde {
      export type TestEmptyVariantsAdjacentlyTagged =
        | { t: "Empty"; c: {} }
        | { t: "EmptyUnit"; c: [] }
        | { t: "EmptyStruct"; c: {} };
    }
  }
}

namespace __implementation {

  function inout_test(client: Client) {
    return (
      input: reflectapi_demo.tests.serde.TestEmptyVariantsAdjacentlyTagged,
      headers: {},
    ) =>
      __request<
        reflectapi_demo.tests.serde.TestEmptyVariantsAdjacentlyTagged,
        {},
        reflectapi_demo.tests.serde.TestEmptyVariantsAdjacentlyTagged,
        {}
      >(client, "/inout_test", input, headers);
  }
}
