---
source: reflectapi-demo/src/tests/serde.rs
expression: "super::into_typescript_code::<TestStructWithSerdeDefault>()"
---
export namespace __definition {
  export interface Interface {
    inout_test: (
      input: reflectapi_demo.tests.serde.input.TestStructWithSerdeDefault,
      headers: {},
    ) => AsyncResult<
      reflectapi_demo.tests.serde.output.TestStructWithSerdeDefault,
      {}
    >;
  }
}
export namespace reflectapi {
  /// Struct object with no fields
  export interface Empty {}

  /// Error object which is expected to be never returned
  export interface Infallible {}
}

export namespace reflectapi_demo {
  export namespace tests {
    export namespace serde {
      export namespace input {
        export interface TestStructWithSerdeDefault {
          f?: number /* u8 */;
        }
      }

      export namespace output {
        export interface TestStructWithSerdeDefault {
          f: number /* u8 */;
        }
      }
    }
  }
}

namespace __implementation {

  function inout_test(client: Client) {
    return (
      input: reflectapi_demo.tests.serde.input.TestStructWithSerdeDefault,
      headers: {},
    ) =>
      __request<
        reflectapi_demo.tests.serde.input.TestStructWithSerdeDefault,
        {},
        reflectapi_demo.tests.serde.output.TestStructWithSerdeDefault,
        {}
      >(client, "/inout_test", input, headers);
  }
}
