---
source: reflectapi-demo/src/tests/namespace.rs
expression: "reflectapi::codegen::openapi::Spec::from(&schema)"
snapshot_kind: text
---
{
  "openapi": "3.1.0",
  "info": {
    "title": "",
    "description": "",
    "version": "1.0.0"
  },
  "paths": {
    "/get": {
      "description": "",
      "post": {
        "operationId": "get",
        "requestBody": {
          "content": {
            "application/json": {
              "schema": {
                "type": "object",
                "title": "reflectapi_demo.tests.namespace.K<T<std.tuple.Tuple0>>",
                "required": [
                  "t"
                ],
                "properties": {
                  "t": {
                    "type": "array",
                    "prefixItems": [
                      {
                        "$ref": "#/components/schemas/std.tuple.Tuple0"
                      }
                    ]
                  }
                }
              }
            }
          },
          "required": true
        },
        "responses": {
          "200": {
            "description": "200 OK",
            "content": {
              "application/json": {
                "schema": {
                  "type": "object",
                  "title": "reflectapi_demo.tests.namespace.K<T<std.tuple.Tuple0>>",
                  "required": [
                    "t"
                  ],
                  "properties": {
                    "t": {
                      "type": "array",
                      "prefixItems": [
                        {
                          "$ref": "#/components/schemas/std.tuple.Tuple0"
                        }
                      ]
                    }
                  }
                }
              }
            }
          }
        }
      }
    }
  },
  "components": {
    "schemas": {
      "std.tuple.Tuple0": {
        "description": "Unit type",
        "type": "null"
      }
    }
  }
}
