---
source: reflectapi-demo/src/tests/basic.rs
expression: "super::into_typescript_code::<TestStructWithTransformFallbackNested>()"
---
export namespace __definition {
  export interface Interface {
    inout_test: (
      input: reflectapi_demo.tests.basic.TestStructWithTransformFallbackNested,
      headers: {},
    ) => AsyncResult<
      reflectapi_demo.tests.basic.TestStructWithTransformFallbackNested,
      {}
    >;
  }
}
export namespace reflectapi {
  /// Struct object with no fields
  export interface Empty {}

  /// Error object which is expected to be never returned
  export interface Infallible {}
}

export namespace reflectapi_demo {
  export namespace tests {
    export namespace basic {
      export interface TestStructWithTransformFallbackNested {
        _f: number /* u8 */;
      }
    }
  }
}

namespace __implementation {

  function inout_test(client: Client) {
    return (
      input: reflectapi_demo.tests.basic.TestStructWithTransformFallbackNested,
      headers: {},
    ) =>
      __request<
        reflectapi_demo.tests.basic.TestStructWithTransformFallbackNested,
        {},
        reflectapi_demo.tests.basic.TestStructWithTransformFallbackNested,
        {}
      >(client, "/inout_test", input, headers);
  }
}
