---
source: reflectapi-demo/src/tests/serde.rs
expression: "super::into_schema::<TestStructWithRenameToInvalidChars>()"
---
{
  "name": "",
  "functions": [
    {
      "name": "inout_test",
      "path": "",
      "input_type": {
        "name": "reflectapi_demo::tests::serde::TestStructWithRenameToInvalidChars"
      },
      "output_type": {
        "name": "reflectapi_demo::tests::serde::TestStructWithRenameToInvalidChars"
      },
      "serialization": [
        "json"
      ]
    }
  ],
  "input_types": {
    "types": [
      {
        "kind": "struct",
        "name": "reflectapi::Empty",
        "description": "Struct object with no fields"
      },
      {
        "kind": "struct",
        "name": "reflectapi_demo::tests::serde::TestStructWithRenameToInvalidChars",
        "fields": [
          {
            "name": "f",
            "serde_name": "field-name&&",
            "type": {
              "name": "u8"
            },
            "required": true
          }
        ]
      },
      {
        "kind": "primitive",
        "name": "u8",
        "description": "8-bit unsigned integer"
      }
    ]
  },
  "output_types": {
    "types": [
      {
        "kind": "struct",
        "name": "reflectapi::Infallible",
        "description": "Error object which is expected to be never returned"
      },
      {
        "kind": "struct",
        "name": "reflectapi_demo::tests::serde::TestStructWithRenameToInvalidChars",
        "fields": [
          {
            "name": "f",
            "serde_name": "field-name&&",
            "type": {
              "name": "u8"
            },
            "required": true
          }
        ]
      },
      {
        "kind": "primitive",
        "name": "u8",
        "description": "8-bit unsigned integer"
      }
    ]
  }
}
