---
source: reflectapi-demo/src/tests/generics.rs
expression: "super::into_input_typescript_code::<TestStructWithSimpleGeneric<u8>>()"
---
export namespace __definition {
  export interface Interface {
    input_test: (
      input: reflectapi_demo.tests.generics.TestStructWithSimpleGeneric<number /* u8 */>,
      headers: {},
    ) => AsyncResult<{}, {}>;
  }
}
export namespace reflectapi {
  /// Struct object with no fields
  export interface Empty {}

  /// Error object which is expected to be never returned
  export interface Infallible {}
}

export namespace reflectapi_demo {
  export namespace tests {
    export namespace generics {
      export interface TestStructWithSimpleGeneric<A> {
        _f: A;
      }
    }
  }
}

namespace __implementation {

  function input_test(client: Client) {
    return (
      input: reflectapi_demo.tests.generics.TestStructWithSimpleGeneric<number /* u8 */>,
      headers: {},
    ) =>
      __request<
        reflectapi_demo.tests.generics.TestStructWithSimpleGeneric<number /* u8 */>,
        {},
        {},
        {}
      >(client, "/input_test", input, headers);
  }
}
