---
source: reflectapi-demo/src/tests/serde.rs
expression: "super::into_rust_code::<TestEnumWithVariantSkipDeserialize>()"
---
pub mod interface {

    #[derive(Debug)]
    pub struct Interface<C: super::Client + Clone> {
        client: C,
        base_url: std::string::String,
    }

    impl<C: super::Client + Clone> Interface<C> {
        pub fn new(client: C, base_url: std::string::String) -> Self {
            Self { client, base_url }
        }
        pub async fn inout_test(
            &self,
            input: super::types::reflectapi_demo::tests::serde::input::TestEnumWithVariantSkipDeserialize,
            headers: reflectapi::Empty,
        ) -> Result<
            super::types::reflectapi_demo::tests::serde::output::TestEnumWithVariantSkipDeserialize,
            super::Error<reflectapi::Empty, C::Error>,
        > {
            super::__request_impl(&self.client, &self.base_url, "/inout_test", input, headers).await
        }
    }
}
pub mod types {

    pub mod reflectapi_demo {
        pub mod tests {
            pub mod serde {
                pub mod input {

                    #[derive(Debug, serde::Serialize)]
                    pub enum TestEnumWithVariantSkipDeserialize {}
                }
                pub mod output {

                    #[derive(Debug, serde::Deserialize)]
                    pub enum TestEnumWithVariantSkipDeserialize {
                        #[serde(rename = "_Variant1")]
                        Variant1,
                    }
                }
            }
        }
    }
}
