---
source: reflectapi-demo/src/tests/basic.rs
expression: "reflectapi::codegen::openapi::Spec::from(&schema)"
---
{
  "openapi": "3.1.0",
  "info": {
    "title": "",
    "description": "",
    "version": "1.0.0"
  },
  "paths": {
    "/inout_test": {
      "description": "",
      "post": {
        "operationId": "inout_test",
        "requestBody": {
          "content": {
            "application/json": {
              "schema": {
                "type": "object",
                "title": "reflectapi_demo::tests::basic::TestStructWithHashSetFieldGeneric",
                "required": [
                  "_f_hashset"
                ],
                "properties": {
                  "_f_hashset": {
                    "description": "Value set type",
                    "type": "array",
                    "items": {
                      "$ref": "#/components/schemas/std.string.String"
                    },
                    "uniqueItems": true
                  }
                }
              }
            }
          },
          "required": true
        },
        "responses": {
          "200": {
            "description": "200 OK",
            "content": {
              "application/json": {
                "schema": {
                  "type": "object",
                  "title": "reflectapi_demo::tests::basic::TestStructWithHashSetFieldGeneric",
                  "required": [
                    "_f_hashset"
                  ],
                  "properties": {
                    "_f_hashset": {
                      "description": "Value set type",
                      "type": "array",
                      "items": {
                        "$ref": "#/components/schemas/std.string.String"
                      },
                      "uniqueItems": true
                    }
                  }
                }
              }
            }
          }
        }
      }
    }
  },
  "components": {
    "schemas": {
      "std.string.String": {
        "description": "UTF-8 encoded string",
        "type": "string"
      }
    }
  }
}
