---
source: reflectapi-demo/src/tests/basic.rs
expression: "super::into_typescript_code::<TestStructWithTransformFallback>()"
---
// DO NOT MODIFY THIS FILE MANUALLY
// This file was generated by reflectapi-cli
//
// Schema name:
//

export function client(base: string | Client): __definition.Interface {
  return __implementation.__client(base);
}

export namespace __definition {
  export interface Interface {
    inout_test: (
      input: reflectapi_demo.tests.basic.TestStructWithTransformFallback,
      headers: {},
    ) => AsyncResult<
      reflectapi_demo.tests.basic.TestStructWithTransformFallback,
      {}
    >;
  }
}
export namespace reflectapi {
  /// Struct object with no fields
  export interface Empty {}

  /// Error object which is expected to be never returned
  export interface Infallible {}
}

export namespace reflectapi_demo {
  export namespace tests {
    export namespace basic {
      export interface TestStructWithTransformFallback {
        _f: number /* u8 */;
      }
    }
  }
}

namespace __implementation {

  function inout_test(client: Client) {
    return (
      input: reflectapi_demo.tests.basic.TestStructWithTransformFallback,
      headers: {},
    ) =>
      __request<
        reflectapi_demo.tests.basic.TestStructWithTransformFallback,
        {},
        reflectapi_demo.tests.basic.TestStructWithTransformFallback,
        {}
      >(client, "/inout_test", input, headers);
  }
}
