---
source: reflectapi-demo/src/tests/basic.rs
expression: schema
---
{
  "name": "",
  "functions": [
    {
      "name": "inout_test",
      "path": "",
      "input_type": {
        "name": "reflectapi_demo::tests::basic::TestStructWithTransformBoth"
      },
      "output_type": {
        "name": "reflectapi_demo::tests::basic::TestStructWithTransformBoth"
      },
      "serialization": [
        "json"
      ]
    }
  ],
  "input_types": {
    "types": [
      {
        "kind": "struct",
        "name": "reflectapi::Empty",
        "description": "Struct object with no fields",
        "fields": "none"
      },
      {
        "kind": "struct",
        "name": "reflectapi_demo::tests::basic::TestStructWithTransformBoth",
        "fields": {
          "named": [
            {
              "name": "_f",
              "type": {
                "name": "u8"
              },
              "required": true
            }
          ]
        }
      },
      {
        "kind": "primitive",
        "name": "std::sync::Arc",
        "description": "std::sync::Arc pointer type",
        "parameters": [
          {
            "name": "T"
          }
        ],
        "fallback": {
          "name": "T"
        }
      },
      {
        "kind": "primitive",
        "name": "u8",
        "description": "8-bit unsigned integer"
      }
    ]
  },
  "output_types": {
    "types": [
      {
        "kind": "struct",
        "name": "reflectapi::Infallible",
        "description": "Error object which is expected to be never returned",
        "fields": "none"
      },
      {
        "kind": "struct",
        "name": "reflectapi_demo::tests::basic::TestStructWithTransformBoth",
        "fields": {
          "named": [
            {
              "name": "_f",
              "type": {
                "name": "u8"
              },
              "required": true
            }
          ]
        }
      },
      {
        "kind": "primitive",
        "name": "std::sync::Arc",
        "description": "std::sync::Arc pointer type",
        "parameters": [
          {
            "name": "T"
          }
        ],
        "fallback": {
          "name": "T"
        }
      },
      {
        "kind": "primitive",
        "name": "u8",
        "description": "8-bit unsigned integer"
      }
    ]
  }
}
