---
source: reflectapi-demo/src/tests/serde.rs
expression: "super :: into_python_code :: < TestStructWithFlattenOptionalAndRequired > ()"
---
"""
Generated Python client for api_client.

DO NOT MODIFY THIS FILE MANUALLY.
This file is automatically generated by `reflectapi`.
""""

from __future__ import annotations


# Standard library imports
from enum import Enum
from typing import Annotated, Any, Generic, Optional, TypeVar, Union

# Third-party imports
from pydantic import BaseModel, ConfigDict

# Runtime imports
from reflectapi_runtime import AsyncClientBase, ClientBase, ApiResponse
from reflectapi_runtime import ReflectapiEmpty
from reflectapi_runtime import ReflectapiInfallible
from reflectapi_runtime.testing import MockClient, create_api_response


class ReflectapiDemoTestsSerdeTestStructRenameAll(BaseModel):
    """Generated data model."""

    model_config = ConfigDict(extra="ignore", populate_by_name=True)

    field_name: int


class ReflectapiDemoTestsSerdeTestStructWithFlattenNested(BaseModel):
    """Generated data model."""

    model_config = ConfigDict(extra="ignore", populate_by_name=True)

    f: int


class ReflectapiDemoTestsSerdeTestStructWithFlattenOptionalAndRequired(BaseModel):
    """Generated data model."""

    model_config = ConfigDict(extra="ignore", populate_by_name=True)

    f: int | None = None
    field_name: int


class AsyncInoutClient:
    """Async client for inout operations."""

    def __init__(self, client: AsyncClientBase) -> None:
        self._client = client


    async def test(
        self,
        data: Optional[ReflectapiDemoTestsSerdeTestStructWithFlattenOptionalAndRequired] = None,
    ) -> ApiResponse[ReflectapiDemoTestsSerdeTestStructWithFlattenOptionalAndRequired]:
        """

        Args:
            data: Request data for the test operation.

        Returns:
            ApiResponse[ReflectapiDemoTestsSerdeTestStructWithFlattenOptionalAndRequired]: Response containing ReflectapiDemoTestsSerdeTestStructWithFlattenOptionalAndRequired data
        """
        path = "/inout_test"

        params: dict[str, Any] = {}

        return await self._client._make_request(
            "POST",
            path,
            params=params if params else None,
            json_model=data,
            response_model=ReflectapiDemoTestsSerdeTestStructWithFlattenOptionalAndRequired,
)


class AsyncClient(AsyncClientBase):
    """Async client for the API."""

    def __init__(
        self,
        base_url: str,
        **kwargs: Any,
    ) -> None:
        super().__init__(base_url, **kwargs)

        self.inout = AsyncInoutClient(self)


class InoutClient:
    """Synchronous client for inout operations."""

    def __init__(self, client: ClientBase) -> None:
        self._client = client


    def test(
        self,
        data: Optional[ReflectapiDemoTestsSerdeTestStructWithFlattenOptionalAndRequired] = None,
    ) -> ApiResponse[ReflectapiDemoTestsSerdeTestStructWithFlattenOptionalAndRequired]:
        """

        Args:
            data: Request data for the test operation.

        Returns:
            ApiResponse[ReflectapiDemoTestsSerdeTestStructWithFlattenOptionalAndRequired]: Response containing ReflectapiDemoTestsSerdeTestStructWithFlattenOptionalAndRequired data
        """
        path = "/inout_test"

        params: dict[str, Any] = {}

        return self._client._make_request(
            "POST",
            path,
            params=params if params else None,
            json_model=data,
            response_model=ReflectapiDemoTestsSerdeTestStructWithFlattenOptionalAndRequired,
)


class Client(ClientBase):
    """Synchronous client for the API."""

    def __init__(
        self,
        base_url: str,
        **kwargs: Any,
    ) -> None:
        super().__init__(base_url, **kwargs)

        self.inout = InoutClient(self)


# External type definitions
StdNumNonZeroU32 = Annotated[int, "Rust NonZero u32 type"]
StdNumNonZeroU64 = Annotated[int, "Rust NonZero u64 type"]
StdNumNonZeroI32 = Annotated[int, "Rust NonZero i32 type"]
StdNumNonZeroI64 = Annotated[int, "Rust NonZero i64 type"]

# Rebuild models to resolve forward references
try:
    ReflectapiDemoTestsSerdeTestStructRenameAll.model_rebuild()
    ReflectapiDemoTestsSerdeTestStructWithFlattenNested.model_rebuild()
    ReflectapiDemoTestsSerdeTestStructWithFlattenOptionalAndRequired.model_rebuild()
except AttributeError:
    # Some types may not have model_rebuild method
    pass

# Factory classes (generated after model rebuild to avoid forward references)

# Testing utilities


def create_reflectapidemotestsserdeteststructrenameall_response(value: ReflectapiDemoTestsSerdeTestStructRenameAll) -> ApiResponse[ReflectapiDemoTestsSerdeTestStructRenameAll]:
    """Create a mock ApiResponse for ReflectapiDemoTestsSerdeTestStructRenameAll."""
    return create_api_response(value)


def create_reflectapidemotestsserdeteststructwithflattennested_response(value: ReflectapiDemoTestsSerdeTestStructWithFlattenNested) -> ApiResponse[ReflectapiDemoTestsSerdeTestStructWithFlattenNested]:
    """Create a mock ApiResponse for ReflectapiDemoTestsSerdeTestStructWithFlattenNested."""
    return create_api_response(value)


def create_reflectapidemotestsserdeteststructwithflattenoptionalandrequired_response(value: ReflectapiDemoTestsSerdeTestStructWithFlattenOptionalAndRequired) -> ApiResponse[ReflectapiDemoTestsSerdeTestStructWithFlattenOptionalAndRequired]:
    """Create a mock ApiResponse for ReflectapiDemoTestsSerdeTestStructWithFlattenOptionalAndRequired."""
    return create_api_response(value)


def create_mock_client() -> MockClient:
    """Create a mock client for testing."""
    return MockClient()
