---
source: reflectapi-demo/src/tests/enums.rs
expression: "super::into_typescript_code::<ShopItem>()"
---
// DO NOT MODIFY THIS FILE MANUALLY
// This file was generated by reflectapi-cli
//
// Schema name:
//

export function client(base: string | Client): __definition.Interface {
  return __implementation.__client(base);
}

export namespace __definition {
  export interface Interface {
    inout_test: (
      input: reflectapi_demo.tests.enums.ShopItem,
      headers: {},
    ) => AsyncResult<reflectapi_demo.tests.enums.ShopItem, {}>;
  }
}
export namespace reflectapi {
  /**
   * Struct object with no fields
   */
  export interface Empty {}

  /**
   * Error object which is expected to be never returned
   */
  export interface Infallible {}
}

export namespace reflectapi_demo {
  export namespace tests {
    export namespace enums {
      export type Color = "Red" | "Green" | "Blue";

      export interface ProductInfo {
        name: string;
        price: number /* f64 */;
      }

      export type ShopItem =
        | ({ item_type: "product" } & reflectapi_demo.tests.enums.ProductInfo)
        | ({ item_type: "colored_item" } & reflectapi_demo.tests.enums.Color)
        | {
            item_type: "bundle";
            items: Array<string>;
            discount: number /* f64 */;
          }
        | { item_type: "gift_card" };
    }
  }
}

namespace __implementation {

  function inout_test(client: Client) {
    return (input: reflectapi_demo.tests.enums.ShopItem, headers: {}) =>
      __request<
        reflectapi_demo.tests.enums.ShopItem,
        {},
        reflectapi_demo.tests.enums.ShopItem,
        {}
      >(client, "/inout_test", input, headers);
  }
}
