---
source: reflectapi-demo/src/tests/basic.rs
expression: "reflectapi::codegen::openapi::Spec::from(&schema)"
snapshot_kind: text
---
{
  "openapi": "3.1.0",
  "info": {
    "title": "",
    "description": "",
    "version": "1.0.0"
  },
  "paths": {
    "/inout_test": {
      "description": "",
      "post": {
        "operationId": "inout_test",
        "requestBody": {
          "content": {
            "application/json": {
              "schema": {
                "$ref": "#/components/schemas/reflectapi_demo.tests.basic.TestStructWithVecExternal"
              }
            }
          },
          "required": true
        },
        "responses": {
          "200": {
            "description": "200 OK",
            "content": {
              "application/json": {
                "schema": {
                  "$ref": "#/components/schemas/reflectapi_demo.tests.basic.TestStructWithVecExternal"
                }
              }
            }
          }
        }
      }
    }
  },
  "components": {
    "schemas": {
      "reflectapi_demo.tests.basic.TestStructWithVecExternal": {
        "type": "object",
        "title": "reflectapi_demo.tests.basic.TestStructWithVecExternal",
        "required": [
          "_f"
        ],
        "properties": {
          "_f": {
            "type": "array",
            "items": {
              "$ref": "#/components/schemas/reflectapi_demo.tests.test_lib.TestStructNested"
            }
          }
        }
      },
      "reflectapi_demo.tests.test_lib.TestStructNested": {
        "type": "object",
        "title": "reflectapi_demo.tests.test_lib.TestStructNested",
        "required": [
          "_f"
        ],
        "properties": {
          "_f": {
            "type": "string"
          }
        }
      },
      "std.string.String": {
        "description": "UTF-8 encoded string",
        "type": "string"
      }
    }
  }
}
