---
source: reflectapi-demo/src/tests/serde.rs
expression: "super::into_typescript_code::<TestStructRenameDifferently>()"
---
// DO NOT MODIFY THIS FILE MANUALLY
// This file was generated by reflectapi-cli
//
// Schema name:
//

export function client(base: string | Client): __definition.Interface {
  return __implementation.__client(base);
}

export namespace __definition {
  export interface Interface {
    inout_test: (
      input: reflectapi_demo.tests.serde.MyStructInput,
      headers: {},
    ) => AsyncResult<
      __definition.ApiResult<reflectapi_demo.tests.serde.MyStructOutput>,
      {}
    >;
  }
}
export namespace reflectapi {
  /**
   * Struct object with no fields
   */
  export interface Empty {}

  /**
   * Error object which is expected to be never returned
   */
  export interface Infallible {}
}

export namespace reflectapi_demo {
  export namespace tests {
    export namespace serde {
      export interface MyStructInput {}

      export interface MyStructOutput {}
    }
  }
}

namespace __implementation {

  function inout_test(client: Client) {
    return (input: reflectapi_demo.tests.serde.MyStructInput, headers: {}) =>
      __request<
        reflectapi_demo.tests.serde.MyStructInput,
        {},
        reflectapi_demo.tests.serde.MyStructOutput,
        {}
      >(client, "/inout_test", input, headers);
  }
}
