---
source: reflectapi-demo/src/tests/basic.rs
expression: "super::into_rust_code::<TestStructWithAttributesOutputOnly>()"
---
pub mod interface {

    #[derive(Debug)]
    pub struct Interface<C: super::Client + Clone> {
        client: C,
        base_url: std::string::String,
    }

    impl<C: super::Client + Clone> Interface<C> {
        pub fn new(client: C, base_url: std::string::String) -> Self {
            Self { client, base_url }
        }
        pub async fn inout_test(
            &self,
            input: super::types::reflectapi_demo::tests::basic::input::TestStructWithAttributesOutputOnly,
            headers: reflectapi::Empty,
        ) -> Result<
            super::types::reflectapi_demo::tests::basic::output::TestStructWithAttributesOutputOnly,
            super::Error<reflectapi::Empty, C::Error>,
        > {
            super::__request_impl(&self.client, &self.base_url, "/inout_test", input, headers).await
        }
    }
}
pub mod types {

    pub mod reflectapi_demo {
        pub mod tests {
            pub mod basic {
                pub mod input {

                    #[derive(Debug, serde::Serialize)]
                    pub struct TestStructWithAttributesOutputOnly {
                        pub _f: std::string::String,
                    }
                }
                pub mod output {

                    pub type TestStructWithAttributesOutputOnly = std::string::String;
                }
            }
        }
    }
}
