---
source: reflectapi-demo/src/tests/namespace.rs
expression: typescript
snapshot_kind: text
---
// DO NOT MODIFY THIS FILE MANUALLY
// This file was generated by reflectapi-cli
//
// Schema name: foo
//

export function client(base: string | Client): __definition.Interface {
  return __implementation.__client(base);
}

export namespace __definition {
  export interface Interface {
    x: XInterface;
    y: YInterface;
  }

  export interface XInterface {
    foo: XFooInterface;
  }

  export interface XFooInterface {
    get: (input: {}, headers: {}) => AsyncResult<{}, {}>;
  }

  export interface YInterface {
    foo: YFooInterface;
  }

  export interface YFooInterface {
    get: (input: {}, headers: {}) => AsyncResult<null, {}>;
  }
}
export namespace reflectapi {
  /**
   * Struct object with no fields
   */
  export interface Empty {}

  /**
   * Error object which is expected to be never returned
   */
  export interface Infallible {}
}

namespace __implementation {

  function x__foo__get(client: Client) {
    return (input: {}, headers: {}) =>
      __request<{}, {}, {}, {}>(client, "/x.foo.get", input, headers);
  }
  function y__foo__get(client: Client) {
    return (input: {}, headers: {}) =>
      __request<{}, {}, null, {}>(client, "/y.foo.get", input, headers);
  }
}
