---
source: reflectapi-demo/src/tests/basic.rs
expression: "reflectapi::codegen::openapi::Spec::from(&schema)"
---
{
  "openapi": "3.1.0",
  "info": {
    "title": "",
    "description": "",
    "version": "1.0.0"
  },
  "paths": {
    "/inout_test": {
      "description": "",
      "post": {
        "operationId": "inout_test",
        "requestBody": {
          "content": {
            "application/json": {
              "schema": {
                "$ref": "#/components/schemas/String"
              }
            }
          },
          "required": true
        },
        "responses": {
          "200": {
            "description": "200 OK",
            "content": {
              "application/json": {
                "schema": {
                  "$ref": "#/components/schemas/TestStructWithAttributesInputOnly"
                }
              }
            }
          }
        }
      }
    }
  },
  "components": {
    "schemas": {
      "String": {
        "description": "UTF-8 encoded string",
        "type": "string"
      },
      "TestStructWithAttributesInputOnly": {
        "type": "object",
        "title": "TestStructWithAttributesInputOnly",
        "required": [
          "_f"
        ],
        "properties": {
          "_f": {
            "$ref": "#/components/schemas/String"
          }
        }
      }
    }
  }
}
