---
source: reflectapi-demo/src/tests/serde.rs
expression: "super :: into_typescript_code :: < TestStructWithSerdeSkipSerializeIf > ()"
---
// DO NOT MODIFY THIS FILE MANUALLY
// This file was generated by reflectapi-cli
//
// Schema name:
//

export function client(base: string | Client): __definition.Interface {
  return __implementation.__client(base);
}

export namespace __definition {
  export interface Interface {
    inout_test: (
      input: reflectapi_demo.tests.serde.input.TestStructWithSerdeSkipSerializeIf,
      headers: {},
      options?: RequestOptions,
    ) => AsyncResult<
      reflectapi_demo.tests.serde.output.TestStructWithSerdeSkipSerializeIf,
      {}
    >;
  }
}
export namespace reflectapi {
  /**
   * Struct object with no fields
   */
  export interface Empty {}

  /**
   * Error object which is expected to be never returned
   */
  export interface Infallible {}
}

export namespace reflectapi_demo {
  export namespace tests {
    export namespace serde {
      export namespace input {
        export interface TestStructWithSerdeSkipSerializeIf {
          f: number /* u8 */ | null;
        }
      }

      export namespace output {
        export interface TestStructWithSerdeSkipSerializeIf {
          f?: number /* u8 */ | null;
        }
      }
    }
  }
}

namespace __implementation {

  function inout_test(client: Client) {
    return (
      input: reflectapi_demo.tests.serde.input.TestStructWithSerdeSkipSerializeIf,
      headers: {},
      options?: RequestOptions,
    ) =>
      __request<
        reflectapi_demo.tests.serde.input.TestStructWithSerdeSkipSerializeIf,
        {},
        reflectapi_demo.tests.serde.output.TestStructWithSerdeSkipSerializeIf,
        {}
      >(client, "/inout_test", input, headers, options);
  }
}
