---
source: reflect-demo/src/tests/basic.rs
expression: "super::into_input_typescript_code::<TestStructOneBasicFieldString>()"
---
// DO NOT MODIFY THIS FILE MANUALLY
// This file was generated by reflect-cli
//
// Schema name: 
// 




export namespace reflect {

/// Struct object with no fields
export interface Empty {
    }


/// Error object which is expected to be never returned
export interface Infallible {
    }

}

export namespace reflect_demo {

export namespace tests {

export namespace basic {

export interface TestStructOneBasicFieldString {
    _f: std.String;
    }

}
}
}

export namespace std {

/// UTF-8 encoded string
export type String = string;

}
