---
source: reflect-demo/src/tests/enums.rs
expression: "super::into_input_typescript_code::<TestEnumWithGenerics<u8>>()"
---
// DO NOT MODIFY THIS FILE MANUALLY
// This file was generated by reflect-cli
//
// Schema name: 
// 




/// 8-bit unsigned integer
export type u8 = TODO;


export namespace reflect {

/// Struct object with no fields
export interface Empty {
    }


/// Error object which is expected to be never returned
export interface Infallible {
    }

}

export namespace reflect_demo {

export namespace tests {

export namespace enums {

export type TestEnumWithGenerics<T> =
    | { Variant1: T }
    | { Variant2: [T,
T] }
    ;

}
}
}
