---
source: reflect-demo/src/tests/basic.rs
expression: "super::into_typescript_code::<TestStructWithTuple12>()"
---
// DO NOT MODIFY THIS FILE MANUALLY
// This file was generated by reflect-cli
//
// Schema name: 
// 




/// 8-bit unsigned integer
export type u8 = TODO;


export namespace reflect {

/// Struct object with no fields
export interface Empty {
    }


/// Error object which is expected to be never returned
export interface Infallible {
    }

}

export namespace reflect_demo {

export namespace tests {

export namespace basic {

export interface TestStructWithTuple12 {
    _f: std.Tuple12<u8, std.String, u8, std.String, u8, std.String, u8, std.String, u8, std.String, u8, std.String>;
    }

}
}
}

export namespace std {

/// UTF-8 encoded string
export type String = string;


/// Tuple holding 12 elements
export type Tuple12<T1, T2, T3, T4, T5, T6, T7, T8, T9, T10, T11, T12> = TODO;

}
